[cellinfo.com/index.html]
[backblue.gif]
[fade.gif]
[index.html]
[cellinfo.com/template_assets/images/200x200.jpg]
[cellinfo.com/template_assets/images/favicon.ico]
[maxcdn.bootstrapcdn.com/bootstrap/3.3.4/css/bootstrap.min.css]
[maxcdn.bootstrapcdn.com/font-awesome/4.7.0/css/font-awesome.min.css]
[cellinfo.com/template_assets/plugins/videoPopup/videoPopup.css]
[cellinfo.com/template_assets/plugins/animateImg/demo.css]
[cellinfo.com/template_assets/plugins/animateImg/demo-grid.css]
[cellinfo.com/template_assets/plugins/owl/owl.carousel.css]
[cellinfo.com/template_assets/plugins/owl/owl.theme.default.css]
[cellinfo.com/template_assets/plugins/map/map-style.css]
[cellinfo.com/template_assets/css/custom.css]
[cellinfo.com/template_assets/css/responsive.css]
[cellinfo.com/template_assets/plugins/waypoints/animate.css]
[cellinfo.com/template_assets/images/logo.png]
[cellinfo.com/template_assets/images/logo_black.png]
[cellinfo.com/template_assets/images/video_image.jpg]
[cellinfo.com/template_assets/video/cellinfo.qt]
[cellinfo.com/template_assets/images/800x532-1.jpg]
[cellinfo.com/template_assets/images/dashboard1.jpg]
[cellinfo.com/template_assets/images/dashboard2.jpg]
[cellinfo.com/template_assets/images/dashboard3.jpg]
[cellinfo.com/template_assets/images/set_your_alarm.jpg]
[cellinfo.com/template_assets/images/1-download.jpg]
[cellinfo.com/template_assets/images/2-upload.jpg]
[cellinfo.com/template_assets/images/internetspeed1.jpg]
[cellinfo.com/template_assets/images/internetspeed2.jpg]
[cellinfo.com/template_assets/images/rss1.jpg]
[cellinfo.com/template_assets/images/rss2.jpg]
[cellinfo.com/template_assets/images/network1.jpg]
[cellinfo.com/template_assets/images/network2.jpg]
[cellinfo.com/template_assets/images/signal1.jpg]
[cellinfo.com/template_assets/images/signal2.jpg]
[cellinfo.com/template_assets/images/frequency1.jpg]
[cellinfo.com/template_assets/images/frequency2.jpg]
[cellinfo.com/template_assets/images/phonetype1.jpg]
[cellinfo.com/template_assets/images/phonetype2.jpg]
[ajax.googleapis.com/ajax/libs/jquery/3.3.1/jquery.min.js]
[maxcdn.bootstrapcdn.com/bootstrap/3.3.4/js/bootstrap.min.js]
[cellinfo.com/template_assets/js/particle_system/particles.js]
[cellinfo.com/template_assets/js/particle_system/app.js]
[cellinfo.com/template_assets/js/anime.min.js]
[cellinfo.com/template_assets/plugins/numScroll/numscroller-1.0.js]
[cellinfo.com/template_assets/plugins/niceScroll/niceScroll.min.js]
[cellinfo.com/template_assets/plugins/drawSvg/jquery.drawsvg.js]
[cellinfo.com/template_assets/plugins/animateImg/imagesloaded.pkgd.min.js]
[cellinfo.com/template_assets/plugins/animateImg/animateImg.js]
[cellinfo.com/template_assets/plugins/animateImg/piecesanimate.js]
[cellinfo.com/template_assets/plugins/testimonial/testimonial.js]
[cellinfo.com/template_assets/plugins/owl/owl.carousel.js]
[cellinfo.com/template_assets/js/main.js]
[cellinfo.com/template_assets/js/mail.js]
[www.gstatic.com/firebasejs/4.12.0/firebase.js]
[cellinfo.com/template_assets/js/firebase.js]
[cellinfo.com/template_assets/js/index.js]
[www.google.com/recaptcha/api85f1.js]
[unpkg.com/sweetalert2@7.22.2/dist/sweetalert2.all.js]
[cellinfo.com/index.html]
[maxcdn.bootstrapcdn.com/bootstrap/3.3.4/css/bootstrap.min.css]
[maxcdn.bootstrapcdn.com/font-awesome/4.7.0/css/font-awesome.min.css]
[cellinfo.com/template_assets/plugins/videoPopup/videoPopup.css]
[cellinfo.com/template_assets/plugins/animateImg/demo.css]
[cellinfo.com/template_assets/plugins/animateImg/demo-grid.css]
[cellinfo.com/template_assets/js/cookie.js]
[cellinfo.com/template_assets/plugins/owl/owl.carousel.css]
[cellinfo.com/template_assets/plugins/owl/owl.theme.default.css]
[cellinfo.com/404.html]
[cellinfo.com/template_assets/plugins/map/map-style.css]
[cellinfo.com/template_assets/fonts/roboto/Roboto-Light.ttf]
[cellinfo.com/template_assets/fonts/roboto/Roboto-Medium.ttf]
[cellinfo.com/template_assets/fonts/roboto/Roboto-Bold.ttf]
[cellinfo.com/template_assets/images/preloader.gif]
[cellinfo.com/template_assets/images/background.jpg]
[cellinfo.com/template_assets/images/checked.png]
[cellinfo.com/template_assets/images/our_feature_background.jpg]
[cellinfo.com/template_assets/images/map.png]
[cellinfo.com/template_assets/css/custom.css]
[cellinfo.com/template_assets/css/responsive.css]
[cellinfo.com/template_assets/plugins/waypoints/animate.css]
[cellinfo.com/template_assets/images/checked.svg]
[cellinfo.com/template_assets/images/graphSvgs/graph-2.svg]
[ajax.googleapis.com/ajax/libs/webfont/1.6.16/webfont.js]
[cellinfo.com/assets/metronic/vendors/base/vendors.bundle.css]
[cellinfo.com/assets/metronic/demo/default/base/style.bundle.css]
[cellinfo.com/assets/img/favicon.ico]
[cellinfo.com/assets/img/404.jpg]
[cellinfo.com/404.html]
[cellinfo.com/template_assets/plugins/map/map-mark/cd-icon-controller.svg]
[cellinfo.com/assets/metronic/demo/default/base/scripts.bundle.js]
[cellinfo.com/assets/metronic/vendors/base/vendors.bundle.js]
[cellinfo.com/assets/metronic/vendors/base/images/malihu-custom-scrollbar-plugin/mCSB_buttons.png]
[cellinfo.com/assets/metronic/vendors/base/images/ion-rangeslider/sprite-skin-flat.png]
[cellinfo.com/assets/metronic/vendors/base/fonts/summernote/summernote9d3d.eot]
[cellinfo.com/assets/metronic/vendors/base/fonts/summernote/summernoted41d.eot]
[cellinfo.com/assets/metronic/vendors/base/fonts/summernote/summernote9d3d.woff]
[cellinfo.com/assets/metronic/vendors/base/fonts/summernote/summernote9d3d.ttf]
[cellinfo.com/assets/metronic/vendors/base/fonts/font-awesome/fontawesome-webfont3e6e.eot]
[cellinfo.com/assets/metronic/vendors/base/fonts/font-awesome/fontawesome-webfontd41d.eot]
[cellinfo.com/assets/metronic/vendors/base/fonts/font-awesome/fontawesome-webfont3e6e.woff2]
[cellinfo.com/assets/metronic/vendors/base/fonts/font-awesome/fontawesome-webfont3e6e.woff]
[cellinfo.com/assets/metronic/vendors/base/fonts/font-awesome/fontawesome-webfont3e6e.ttf]
[cellinfo.com/assets/metronic/vendors/base/fonts/line-awesome/line-awesomeeb4f.eot]
[cellinfo.com/assets/metronic/vendors/base/fonts/line-awesome/line-awesome0176.eot]
[cellinfo.com/assets/metronic/vendors/base/fonts/line-awesome/line-awesomeeb4f.woff2]
[cellinfo.com/assets/metronic/vendors/base/fonts/line-awesome/line-awesomeeb4f.woff]
[cellinfo.com/assets/metronic/vendors/base/fonts/line-awesome/line-awesomeeb4f.ttf]
[cellinfo.com/assets/metronic/vendors/base/fonts/flaticon/Flaticon.eot]
[cellinfo.com/assets/metronic/vendors/base/fonts/flaticon/Flaticond41d.eot]
[cellinfo.com/assets/metronic/vendors/base/fonts/flaticon/Flaticon.woff]
[cellinfo.com/assets/metronic/vendors/base/fonts/flaticon/Flaticon.ttf]
[cellinfo.com/assets/metronic/vendors/base/fonts/metronic/Metronic_fda1334c35d0f5fe2afb3afebbb6774a.eot]
[cellinfo.com/assets/metronic/vendors/base/fonts/metronic/Metronic_fda1334c35d0f5fe2afb3afebbb6774ad41d.eot]
[cellinfo.com/assets/metronic/vendors/base/fonts/metronic/Metronic_fda1334c35d0f5fe2afb3afebbb6774a.woff2]
[cellinfo.com/assets/metronic/vendors/base/fonts/metronic/Metronic_fda1334c35d0f5fe2afb3afebbb6774a.woff]
[cellinfo.com/assets/metronic/vendors/base/fonts/metronic/Metronic_fda1334c35d0f5fe2afb3afebbb6774a.ttf]
[cellinfo.com/assets/metronic/vendors/base/vendors.bundle.css]
[cellinfo.com/assets/metronic/demo/default/base/style.bundle.css]
[cellinfo.com/assets/metronic/vendors/base/fonts/font-awesome/fontawesome-webfont3e6e.svg]
[cellinfo.com/assets/metronic/vendors/base/fonts/line-awesome/line-awesomeeb4f.svg]
[cellinfo.com/assets/metronic/vendors/base/fonts/flaticon/Flaticon.svg]
[cellinfo.com/assets/metronic/vendors/base/fonts/metronic/Metronic_fda1334c35d0f5fe2afb3afebbb6774a.svg]
